******************************************************************************
             TMS320C2000 Linker PC v16.9.3                     
******************************************************************************
>> Linked Wed Sep 15 13:43:07 2021

OUTPUT FILE NAME:   <Fapp_4Legs.out>
ENTRY POINT SYMBOL: "_c_int00"  address: 0000a743


MEMORY CONFIGURATION

         name            origin    length      used     unused   attr    fill
----------------------  --------  ---------  --------  --------  ----  --------
PAGE 0:
  BEGIN                 00000000   00000002  00000002  00000000  RWIX
  RAMM0                 00000050   000003b0  00000000  000003b0  RWIX
  RAML0                 00008000   00001000  00000140  00000ec0  RWIX
  RAML1L3               00009000   00003000  00001948  000016b8  RWIX
  ZONE7A                00200000   0000fc00  00000000  0000fc00  RWIX
  CSM_RSVD              0033ff80   00000076  00000000  00000076  RWIX
  CSM_PWL               0033fff8   00000008  00000000  00000008  RWIX
  ADC_CAL               00380080   00000009  00000007  00000002  RWIX
  IQTABLES              003fe000   00000b50  00000000  00000b50  RWIX
  IQTABLES2             003feb50   0000008c  00000000  0000008c  RWIX
  FPUTABLES             003febdc   000006a0  00000000  000006a0  RWIX
  BOOTROM               003ff27c   00000d44  00000000  00000d44  RWIX
  RESET                 003fffc0   00000002  00000000  00000002  RWIX

PAGE 1:
  BOOT_RSVD             00000002   0000004e  00000000  0000004e  RWIX
  RAMM1                 00000400   00000400  00000400  00000000  RWIX
  DEV_EMU               00000880   00000180  000000d0  000000b0  RWIX
  FLASH_REGS            00000a80   00000060  00000008  00000058  RWIX
  CSM                   00000ae0   00000010  00000010  00000000  RWIX
  ADC_MIRROR            00000b00   00000010  00000010  00000000  RWIX
  XINTF                 00000b20   00000020  0000001e  00000002  RWIX
  CPU_TIMER0            00000c00   00000008  00000008  00000000  RWIX
  CPU_TIMER1            00000c08   00000008  00000008  00000000  RWIX
  CPU_TIMER2            00000c10   00000008  00000008  00000000  RWIX
  PIE_CTRL              00000ce0   00000020  0000001a  00000006  RWIX
  PIE_VECT              00000d00   00000100  00000100  00000000  RWIX
  DMA                   00001000   00000200  000000e0  00000120  RWIX
  MCBSPA                00005000   00000040  00000025  0000001b  RWIX
  MCBSPB                00005040   00000040  00000025  0000001b  RWIX
  ECANA                 00006000   00000040  00000034  0000000c  RWIX
  ECANA_LAM             00006040   00000040  00000040  00000000  RWIX
  ECANA_MOTS            00006080   00000040  00000040  00000000  RWIX
  ECANA_MOTO            000060c0   00000040  00000040  00000000  RWIX
  ECANA_MBOX            00006100   00000100  00000100  00000000  RWIX
  ECANB                 00006200   00000040  00000034  0000000c  RWIX
  ECANB_LAM             00006240   00000040  00000040  00000000  RWIX
  ECANB_MOTS            00006280   00000040  00000040  00000000  RWIX
  ECANB_MOTO            000062c0   00000040  00000040  00000000  RWIX
  ECANB_MBOX            00006300   00000100  00000100  00000000  RWIX
  EPWM1                 00006800   00000022  00000022  00000000  RWIX
  EPWM2                 00006840   00000022  00000022  00000000  RWIX
  EPWM3                 00006880   00000022  00000022  00000000  RWIX
  EPWM4                 000068c0   00000022  00000022  00000000  RWIX
  EPWM5                 00006900   00000022  00000022  00000000  RWIX
  EPWM6                 00006940   00000022  00000022  00000000  RWIX
  ECAP1                 00006a00   00000020  00000020  00000000  RWIX
  ECAP2                 00006a20   00000020  00000020  00000000  RWIX
  ECAP3                 00006a40   00000020  00000020  00000000  RWIX
  ECAP4                 00006a60   00000020  00000020  00000000  RWIX
  ECAP5                 00006a80   00000020  00000020  00000000  RWIX
  ECAP6                 00006aa0   00000020  00000020  00000000  RWIX
  EQEP1                 00006b00   00000040  00000040  00000000  RWIX
  EQEP2                 00006b40   00000040  00000040  00000000  RWIX
  GPIOCTRL              00006f80   00000040  0000002e  00000012  RWIX
  GPIODAT               00006fc0   00000020  00000020  00000000  RWIX
  GPIOINT               00006fe0   00000020  0000000a  00000016  RWIX
  SYSTEM                00007010   00000020  00000020  00000000  RWIX
  SPIA                  00007040   00000010  00000010  00000000  RWIX
  SCIA                  00007050   00000010  00000010  00000000  RWIX
  XINTRUPT              00007070   00000010  00000010  00000000  RWIX
  ADC                   00007100   00000020  0000001e  00000002  RWIX
  SCIB                  00007750   00000010  00000010  00000000  RWIX
  SCIC                  00007770   00000010  00000010  00000000  RWIX
  I2CA                  00007900   00000040  00000022  0000001e  RWIX
  RAML4                 0000c000   00001ce4  00001a22  000002c2  RWIX
  RAML5                 0000dce4   0000031c  0000010e  0000020e  RWIX
  RAML6                 0000e000   00001000  00000000  00001000  RWIX
  RAML7                 0000f000   00001000  00000000  00001000  RWIX
  ZONE7B                0020fc00   00000400  00000000  00000400  RWIX
  CSM_PWL               0033fff8   00000008  00000008  00000000  RWIX
  PARTID                00380090   00000001  00000001  00000000  RWIX


SECTION ALLOCATION MAP

 output                                  attributes/
section   page    origin      length       input sections
--------  ----  ----------  ----------   ----------------
codestart 
*          0    00000000    00000002     
                  00000000    00000002     DSP2833x_CodeStartBranch.obj (codestart)

.cinit     0    00008000    0000013c     
                  00008000    00000122     A_Main_GFinv_b.obj (.cinit)
                  00008122    0000000e     rts2800_fpu32.lib : exit.obj (.cinit)
                  00008130    00000005                       : _lock.obj (.cinit:__lock)
                  00008135    00000005                       : _lock.obj (.cinit:__unlock)
                  0000813a    00000002     --HOLE-- [fill = 0]

ramfuncs   0    0000813c    00000004     
                  0000813c    00000004     DSP2833x_usDelay.obj (ramfuncs)

.text      0    00009000    00001948     
                  00009000    00001014     A_Main_GFinv_b.obj (.text)
                  0000a014    00000316     DSP2833x_DefaultIsr.obj (.text:retain)
                  0000a32a    000000f8     DSP2833x_SysCtrl.obj (.text)
                  0000a422    000000c7     DSP2833x_EPwm.obj (.text)
                  0000a4e9    000000c2     A_Main_GFinv_b.obj (.text:retain)
                  0000a5ab    00000088     rts2800_fpu32.lib : fs_div28.obj (.text)
                  0000a633    00000061                       : s_cosf.obj (.text)
                  0000a694    00000058                       : s_sinf.obj (.text)
                  0000a6ec    00000057                       : s_floorf.obj (.text)
                  0000a743    00000056                       : boot28.obj (.text)
                  0000a799    00000044     DSP2833x_Sci.obj (.text)
                  0000a7dd    0000003f     DSP2833x_Spi.obj (.text)
                  0000a81c    00000038     rts2800_fpu32.lib : s_roundf.obj (.text)
                  0000a854    00000029                       : exit.obj (.text)
                  0000a87d    00000028     DSP2833x_PieCtrl.obj (.text)
                  0000a8a5    00000024     rts2800_fpu32.lib : cpy_tbl.obj (.text)
                  0000a8c9    00000020     DSP2833x_PieVect.obj (.text)
                  0000a8e9    0000001e     rts2800_fpu32.lib : memcpy.obj (.text)
                  0000a907    00000019                       : args_main.obj (.text)
                  0000a920    00000014     DSP2833x_Adc.obj (.text)
                  0000a934    00000009     rts2800_fpu32.lib : _lock.obj (.text)
                  0000a93d    00000008     DSP2833x_CodeStartBranch.obj (.text)
                  0000a945    00000002     rts2800_fpu32.lib : pre_init.obj (.text)
                  0000a947    00000001                       : startup.obj (.text)

.pinit     0    00008000    00000000     UNINITIALIZED

.adc_cal   0    00380080    00000007     NOLOAD SECTION
                  00380080    00000007     DSP2833x_ADC_cal.obj (.adc_cal)

.stack     1    00000400    00000400     UNINITIALIZED
                  00000400    00000400     --HOLE--

DevEmuRegsFile 
*          1    00000880    000000d0     UNINITIALIZED
                  00000880    000000d0     DSP2833x_GlobalVariableDefs.obj (DevEmuRegsFile)

FlashRegsFile 
*          1    00000a80    00000008     UNINITIALIZED
                  00000a80    00000008     DSP2833x_GlobalVariableDefs.obj (FlashRegsFile)

CsmRegsFile 
*          1    00000ae0    00000010     UNINITIALIZED
                  00000ae0    00000010     DSP2833x_GlobalVariableDefs.obj (CsmRegsFile)

AdcMirrorFile 
*          1    00000b00    00000010     UNINITIALIZED
                  00000b00    00000010     DSP2833x_GlobalVariableDefs.obj (AdcMirrorFile)

XintfRegsFile 
*          1    00000b20    0000001e     UNINITIALIZED
                  00000b20    0000001e     DSP2833x_GlobalVariableDefs.obj (XintfRegsFile)

CpuTimer0RegsFile 
*          1    00000c00    00000008     UNINITIALIZED
                  00000c00    00000008     DSP2833x_GlobalVariableDefs.obj (CpuTimer0RegsFile)

CpuTimer1RegsFile 
*          1    00000c08    00000008     UNINITIALIZED
                  00000c08    00000008     DSP2833x_GlobalVariableDefs.obj (CpuTimer1RegsFile)

CpuTimer2RegsFile 
*          1    00000c10    00000008     UNINITIALIZED
                  00000c10    00000008     DSP2833x_GlobalVariableDefs.obj (CpuTimer2RegsFile)

PieCtrlRegsFile 
*          1    00000ce0    0000001a     UNINITIALIZED
                  00000ce0    0000001a     DSP2833x_GlobalVariableDefs.obj (PieCtrlRegsFile)

PieVectTableFile 
*          1    00000d00    00000100     UNINITIALIZED
                  00000d00    00000100     DSP2833x_GlobalVariableDefs.obj (PieVectTableFile)

DmaRegsFile 
*          1    00001000    000000e0     UNINITIALIZED
                  00001000    000000e0     DSP2833x_GlobalVariableDefs.obj (DmaRegsFile)

McbspaRegsFile 
*          1    00005000    00000025     UNINITIALIZED
                  00005000    00000025     DSP2833x_GlobalVariableDefs.obj (McbspaRegsFile)

McbspbRegsFile 
*          1    00005040    00000025     UNINITIALIZED
                  00005040    00000025     DSP2833x_GlobalVariableDefs.obj (McbspbRegsFile)

ECanaRegsFile 
*          1    00006000    00000034     UNINITIALIZED
                  00006000    00000034     DSP2833x_GlobalVariableDefs.obj (ECanaRegsFile)

ECanaLAMRegsFile 
*          1    00006040    00000040     UNINITIALIZED
                  00006040    00000040     DSP2833x_GlobalVariableDefs.obj (ECanaLAMRegsFile)

ECanaMOTSRegsFile 
*          1    00006080    00000040     UNINITIALIZED
                  00006080    00000040     DSP2833x_GlobalVariableDefs.obj (ECanaMOTSRegsFile)

ECanaMOTORegsFile 
*          1    000060c0    00000040     UNINITIALIZED
                  000060c0    00000040     DSP2833x_GlobalVariableDefs.obj (ECanaMOTORegsFile)

ECanaMboxesFile 
*          1    00006100    00000100     UNINITIALIZED
                  00006100    00000100     DSP2833x_GlobalVariableDefs.obj (ECanaMboxesFile)

ECanbRegsFile 
*          1    00006200    00000034     UNINITIALIZED
                  00006200    00000034     DSP2833x_GlobalVariableDefs.obj (ECanbRegsFile)

ECanbLAMRegsFile 
*          1    00006240    00000040     UNINITIALIZED
                  00006240    00000040     DSP2833x_GlobalVariableDefs.obj (ECanbLAMRegsFile)

ECanbMOTSRegsFile 
*          1    00006280    00000040     UNINITIALIZED
                  00006280    00000040     DSP2833x_GlobalVariableDefs.obj (ECanbMOTSRegsFile)

ECanbMOTORegsFile 
*          1    000062c0    00000040     UNINITIALIZED
                  000062c0    00000040     DSP2833x_GlobalVariableDefs.obj (ECanbMOTORegsFile)

ECanbMboxesFile 
*          1    00006300    00000100     UNINITIALIZED
                  00006300    00000100     DSP2833x_GlobalVariableDefs.obj (ECanbMboxesFile)

EPwm1RegsFile 
*          1    00006800    00000022     UNINITIALIZED
                  00006800    00000022     DSP2833x_GlobalVariableDefs.obj (EPwm1RegsFile)

EPwm2RegsFile 
*          1    00006840    00000022     UNINITIALIZED
                  00006840    00000022     DSP2833x_GlobalVariableDefs.obj (EPwm2RegsFile)

EPwm3RegsFile 
*          1    00006880    00000022     UNINITIALIZED
                  00006880    00000022     DSP2833x_GlobalVariableDefs.obj (EPwm3RegsFile)

EPwm4RegsFile 
*          1    000068c0    00000022     UNINITIALIZED
                  000068c0    00000022     DSP2833x_GlobalVariableDefs.obj (EPwm4RegsFile)

EPwm5RegsFile 
*          1    00006900    00000022     UNINITIALIZED
                  00006900    00000022     DSP2833x_GlobalVariableDefs.obj (EPwm5RegsFile)

EPwm6RegsFile 
*          1    00006940    00000022     UNINITIALIZED
                  00006940    00000022     DSP2833x_GlobalVariableDefs.obj (EPwm6RegsFile)

ECap1RegsFile 
*          1    00006a00    00000020     UNINITIALIZED
                  00006a00    00000020     DSP2833x_GlobalVariableDefs.obj (ECap1RegsFile)

ECap2RegsFile 
*          1    00006a20    00000020     UNINITIALIZED
                  00006a20    00000020     DSP2833x_GlobalVariableDefs.obj (ECap2RegsFile)

ECap3RegsFile 
*          1    00006a40    00000020     UNINITIALIZED
                  00006a40    00000020     DSP2833x_GlobalVariableDefs.obj (ECap3RegsFile)

ECap4RegsFile 
*          1    00006a60    00000020     UNINITIALIZED
                  00006a60    00000020     DSP2833x_GlobalVariableDefs.obj (ECap4RegsFile)

ECap5RegsFile 
*          1    00006a80    00000020     UNINITIALIZED
                  00006a80    00000020     DSP2833x_GlobalVariableDefs.obj (ECap5RegsFile)

ECap6RegsFile 
*          1    00006aa0    00000020     UNINITIALIZED
                  00006aa0    00000020     DSP2833x_GlobalVariableDefs.obj (ECap6RegsFile)

EQep1RegsFile 
*          1    00006b00    00000040     UNINITIALIZED
                  00006b00    00000040     DSP2833x_GlobalVariableDefs.obj (EQep1RegsFile)

EQep2RegsFile 
*          1    00006b40    00000040     UNINITIALIZED
                  00006b40    00000040     DSP2833x_GlobalVariableDefs.obj (EQep2RegsFile)

GpioCtrlRegsFile 
*          1    00006f80    0000002e     UNINITIALIZED
                  00006f80    0000002e     DSP2833x_GlobalVariableDefs.obj (GpioCtrlRegsFile)

GpioDataRegsFile 
*          1    00006fc0    00000020     UNINITIALIZED
                  00006fc0    00000020     DSP2833x_GlobalVariableDefs.obj (GpioDataRegsFile)

GpioIntRegsFile 
*          1    00006fe0    0000000a     UNINITIALIZED
                  00006fe0    0000000a     DSP2833x_GlobalVariableDefs.obj (GpioIntRegsFile)

SysCtrlRegsFile 
*          1    00007010    00000020     UNINITIALIZED
                  00007010    00000020     DSP2833x_GlobalVariableDefs.obj (SysCtrlRegsFile)

SpiaRegsFile 
*          1    00007040    00000010     UNINITIALIZED
                  00007040    00000010     DSP2833x_GlobalVariableDefs.obj (SpiaRegsFile)

SciaRegsFile 
*          1    00007050    00000010     UNINITIALIZED
                  00007050    00000010     DSP2833x_GlobalVariableDefs.obj (SciaRegsFile)

XIntruptRegsFile 
*          1    00007070    00000010     UNINITIALIZED
                  00007070    00000010     DSP2833x_GlobalVariableDefs.obj (XIntruptRegsFile)

AdcRegsFile 
*          1    00007100    0000001e     UNINITIALIZED
                  00007100    0000001e     DSP2833x_GlobalVariableDefs.obj (AdcRegsFile)

ScibRegsFile 
*          1    00007750    00000010     UNINITIALIZED
                  00007750    00000010     DSP2833x_GlobalVariableDefs.obj (ScibRegsFile)

ScicRegsFile 
*          1    00007770    00000010     UNINITIALIZED
                  00007770    00000010     DSP2833x_GlobalVariableDefs.obj (ScicRegsFile)

I2caRegsFile 
*          1    00007900    00000022     UNINITIALIZED
                  00007900    00000022     DSP2833x_GlobalVariableDefs.obj (I2caRegsFile)

.ebss      1    0000c000    00001a22     UNINITIALIZED
                  0000c000    00001a00     A_Main_GFinv_b.obj (.ebss)
                  0000da00    00000018     DSP2833x_CpuTimers.obj (.ebss)
                  0000da18    00000006     rts2800_fpu32.lib : exit.obj (.ebss)
                  0000da1e    00000002                       : _lock.obj (.ebss:__lock)
                  0000da20    00000002                       : _lock.obj (.ebss:__unlock)

.econst    1    0000dce4    0000010e     
                  0000dce4    00000100     DSP2833x_PieVect.obj (.econst:_PieVectTableInit)
                  0000dde4    00000008     A_Main_GFinv_b.obj (.econst:_$P$T1$2)
                  0000ddec    00000004     A_Main_GFinv_b.obj (.econst:_$P$T0$1)
                  0000ddf0    00000002     rts2800_fpu32.lib : s_floorf.obj (.econst)

.reset     0    003fffc0    00000002     DSECT
                  003fffc0    00000002     rts2800_fpu32.lib : boot28.obj (.reset)

csm_rsvd   0    0033ff80    00000000     DSECT

csmpasswds 
*          0    0033fff8    00000000     DSECT

CsmPwlFile 
*          1    0033fff8    00000008     UNINITIALIZED
                  0033fff8    00000008     DSP2833x_GlobalVariableDefs.obj (CsmPwlFile)

PartIdRegsFile 
*          1    00380090    00000001     UNINITIALIZED
                  00380090    00000001     DSP2833x_GlobalVariableDefs.obj (PartIdRegsFile)

MODULE SUMMARY

       Module                            code   initialized data   uninitialized data
       ------                            ----   ----------------   ------------------
    .\
       A_Main_GFinv_b.obj                4310   302                6656              
       DSP2833x_GlobalVariableDefs.obj   0      0                  2679              
       DSP2833x_DefaultIsr.obj           790    0                  0                 
       DSP2833x_PieVect.obj              32     256                0                 
       DSP2833x_SysCtrl.obj              248    0                  0                 
       DSP2833x_EPwm.obj                 199    0                  0                 
       DSP2833x_Sci.obj                  68     0                  0                 
       DSP2833x_Spi.obj                  63     0                  0                 
       DSP2833x_PieCtrl.obj              40     0                  0                 
       DSP2833x_CpuTimers.obj            0      0                  24                
       DSP2833x_Adc.obj                  20     0                  0                 
       DSP2833x_CodeStartBranch.obj      10     0                  0                 
       DSP2833x_ADC_cal.obj              7      0                  0                 
       DSP2833x_usDelay.obj              4      0                  0                 
    +--+---------------------------------+------+------------------+--------------------+
       Total:                            5791   558                9359              
                                                                                     
    C:/ti/ccsv7/tools/compiler/ti-cgt-c2000_16.9.3.LTS/lib/rts2800_fpu32.lib
       fs_div28.obj                      136    0                  0                 
       s_cosf.obj                        97     0                  0                 
       s_floorf.obj                      87     2                  0                 
       s_sinf.obj                        88     0                  0                 
       boot28.obj                        86     0                  0                 
       exit.obj                          41     14                 6                 
       s_roundf.obj                      56     0                  0                 
       cpy_tbl.obj                       36     0                  0                 
       memcpy.obj                        30     0                  0                 
       args_main.obj                     25     0                  0                 
       _lock.obj                         9      10                 4                 
       pre_init.obj                      2      0                  0                 
       startup.obj                       1      0                  0                 
    +--+---------------------------------+------+------------------+--------------------+
       Total:                            694    26                 10                
                                                                                     
       Stack:                            0      0                  1024              
    +--+---------------------------------+------+------------------+--------------------+
       Grand Total:                      6485   584                10393             


GLOBAL DATA SYMBOLS: SORTED BY DATA PAGE

address     data page           name
--------    ----------------    ----
00000400      10 (00000400)     __stack

00000880      22 (00000880)     _DevEmuRegs

00000a80      2a (00000a80)     _FlashRegs

00000ae0      2b (00000ac0)     _CsmRegs

00000b00      2c (00000b00)     _AdcMirror
00000b20      2c (00000b00)     _XintfRegs

00000c00      30 (00000c00)     _CpuTimer0Regs
00000c08      30 (00000c00)     _CpuTimer1Regs
00000c10      30 (00000c00)     _CpuTimer2Regs

00000ce0      33 (00000cc0)     _PieCtrlRegs

00000d00      34 (00000d00)     _PieVectTable

00001000      40 (00001000)     _DmaRegs

00005000     140 (00005000)     _McbspaRegs

00005040     141 (00005040)     _McbspbRegs

00006000     180 (00006000)     _ECanaRegs

00006040     181 (00006040)     _ECanaLAMRegs

00006080     182 (00006080)     _ECanaMOTSRegs

000060c0     183 (000060c0)     _ECanaMOTORegs

00006100     184 (00006100)     _ECanaMboxes

00006200     188 (00006200)     _ECanbRegs

00006240     189 (00006240)     _ECanbLAMRegs

00006280     18a (00006280)     _ECanbMOTSRegs

000062c0     18b (000062c0)     _ECanbMOTORegs

00006300     18c (00006300)     _ECanbMboxes

00006800     1a0 (00006800)     _EPwm1Regs

00006840     1a1 (00006840)     _EPwm2Regs

00006880     1a2 (00006880)     _EPwm3Regs

000068c0     1a3 (000068c0)     _EPwm4Regs

00006900     1a4 (00006900)     _EPwm5Regs

00006940     1a5 (00006940)     _EPwm6Regs

00006a00     1a8 (00006a00)     _ECap1Regs
00006a20     1a8 (00006a00)     _ECap2Regs

00006a40     1a9 (00006a40)     _ECap3Regs
00006a60     1a9 (00006a40)     _ECap4Regs

00006a80     1aa (00006a80)     _ECap5Regs
00006aa0     1aa (00006a80)     _ECap6Regs

00006b00     1ac (00006b00)     _EQep1Regs

00006b40     1ad (00006b40)     _EQep2Regs

00006f80     1be (00006f80)     _GpioCtrlRegs

00006fc0     1bf (00006fc0)     _GpioDataRegs
00006fe0     1bf (00006fc0)     _GpioIntRegs

00007010     1c0 (00007000)     _SysCtrlRegs

00007040     1c1 (00007040)     _SpiaRegs
00007050     1c1 (00007040)     _SciaRegs
00007070     1c1 (00007040)     _XIntruptRegs

00007100     1c4 (00007100)     _AdcRegs

00007750     1dd (00007740)     _ScibRegs
00007770     1dd (00007740)     _ScicRegs

00007900     1e4 (00007900)     _I2caRegs

0000c000     300 (0000c000)     _FlagDeConversao
0000c001     300 (0000c000)     _Segundos
0000c002     300 (0000c000)     _Protecao
0000c003     300 (0000c000)     _AdcaResult3
0000c004     300 (0000c000)     _AdcaResult4
0000c005     300 (0000c000)     _AdcaResult1
0000c006     300 (0000c000)     _AdcaResult2
0000c007     300 (0000c000)     _AdcaResult0
0000c008     300 (0000c000)     _cont_samp_dyn_test
0000c009     300 (0000c000)     _index_dyn_test
0000c00a     300 (0000c000)     _cont_Ntest_din
0000c00b     300 (0000c000)     _flag_dyn_test2
0000c00c     300 (0000c000)     _Counter_Timer
0000c00d     300 (0000c000)     _Controle_ON
0000c00e     300 (0000c000)     _Ncont_samp
0000c00f     300 (0000c000)     _pos_dyn_test_v
0000c010     300 (0000c000)     _flag_pwm
0000c011     300 (0000c000)     _WctrlA
0000c012     300 (0000c000)     _K1
0000c013     300 (0000c000)     _K2
0000c014     300 (0000c000)     _WctrlB
0000c015     300 (0000c000)     _Desliga_sistema
0000c016     300 (0000c000)     _flag_cal
0000c017     300 (0000c000)     _WctrlC
0000c018     300 (0000c000)     _AdcbResult1
0000c019     300 (0000c000)     _AdcbResult2
0000c01a     300 (0000c000)     _AdcaResult5
0000c01b     300 (0000c000)     _AdcbResult0
0000c01c     300 (0000c000)     _AdcbResult5
0000c01d     300 (0000c000)     _sync_flag
0000c01e     300 (0000c000)     _AdcbResult3
0000c01f     300 (0000c000)     _AdcbResult4
0000c020     300 (0000c000)     _sw_spi_signal
0000c021     300 (0000c000)     _FlagSpiTx
0000c022     300 (0000c000)     _partida
0000c023     300 (0000c000)     _ramp_enable
0000c024     300 (0000c000)     _cont_omeg
0000c025     300 (0000c000)     _last_xint2_ctr
0000c026     300 (0000c000)     _sync_adc_pwm
0000c027     300 (0000c000)     _ciclos_dyn_test
0000c028     300 (0000c000)     _Ts_omeg
0000c02a     300 (0000c000)     _Vcc
0000c02c     300 (0000c000)     _Vcc2
0000c02e     300 (0000c000)     _teste
0000c030     300 (0000c000)     _adj_sync_ang
0000c032     300 (0000c000)     _offset_adc
0000c034     300 (0000c000)     _Ts_dsp
0000c036     300 (0000c000)     _Vcc_teste
0000c038     300 (0000c000)     _inv_N_cal_offset
0000c03a     300 (0000c000)     _N_cal_offset
0000c03c     300 (0000c000)     _lower_lim_offset
0000c03e     300 (0000c000)     _upper_lim_offset

0000c040     301 (0000c040)     _contador_calibra_offset
0000c042     301 (0000c040)     _v_sync_offset
0000c044     301 (0000c040)     _Vcc_nom
0000c046     301 (0000c040)     _omeg_nom
0000c048     301 (0000c040)     _I_Vcc_nom
0000c04a     301 (0000c040)     _Lv
0000c04c     301 (0000c040)     _Rv
0000c04e     301 (0000c040)     _kff
0000c050     301 (0000c040)     _cos_teta
0000c052     301 (0000c040)     _teta_inv
0000c054     301 (0000c040)     _sen_teta
0000c056     301 (0000c040)     _Cf
0000c058     301 (0000c040)     _Vo_ab_q
0000c05a     301 (0000c040)     _Lf
0000c05c     301 (0000c040)     _Vo_err_dq
0000c060     301 (0000c040)     _Ilf_err_dq
0000c064     301 (0000c040)     _Vo_inv_dq
0000c068     301 (0000c040)     _Vo_inv_ref_dq
0000c06c     301 (0000c040)     _aci_dq
0000c070     301 (0000c040)     _Ilf_dq
0000c074     301 (0000c040)     _Io_inv_dq
0000c078     301 (0000c040)     _Ilf_gain

0000c080     302 (0000c080)     _Io_inv_gain
0000c086     302 (0000c080)     _Vo_gain
0000c08c     302 (0000c080)     _Ilf_offset
0000c092     302 (0000c080)     _Io_inv_offset
0000c098     302 (0000c080)     _aci_abc
0000c09e     302 (0000c080)     _droop_P_Omeg
0000c0a4     302 (0000c080)     _Io_inv_abc
0000c0aa     302 (0000c080)     _Vo_inv_abc
0000c0b0     302 (0000c080)     _Ilf_abc
0000c0b6     302 (0000c080)     _droop_Q_E

0000c0c0     303 (0000c0c0)     _Vo_offset
0000c0c6     303 (0000c0c0)     _omega_filt
0000c0ce     303 (0000c0c0)     _Io_inv_d_filt
0000c0d6     303 (0000c0c0)     _Io_inv_q_filt
0000c0de     303 (0000c0c0)     _pi_sync
0000c0e6     303 (0000c0c0)     _lpf_fo_Pav
0000c0ee     303 (0000c0c0)     _lpf_Vcc
0000c0f6     303 (0000c0c0)     _lpf_fo_Qav

0000c100     304 (0000c100)     _w_dyn_test_v

0000c740     31d (0000c740)     _E_dyn_test_v

0000cd80     336 (0000cd80)     _Q_dyn_test_v

0000d3c0     34f (0000d3c0)     _P_dyn_test_v

0000da00     368 (0000da00)     _CpuTimer1
0000da08     368 (0000da00)     _CpuTimer2
0000da10     368 (0000da00)     _CpuTimer0
0000da18     368 (0000da00)     ___TI_enable_exit_profile_output
0000da1a     368 (0000da00)     ___TI_cleanup_ptr
0000da1c     368 (0000da00)     ___TI_dtors_ptr
0000da1e     368 (0000da00)     __lock
0000da20     368 (0000da00)     __unlock

0000dce4     373 (0000dcc0)     _PieVectTableInit

0033fff8    cfff (0033ffc0)     _CsmPwl

00380090    e002 (00380080)     _PartIdRegs


GLOBAL SYMBOLS: SORTED ALPHABETICALLY BY Name 

page  address   name                               
----  -------   ----                               
0     00009000  .text                              
0     0000a854  C$$EXIT                            
0     0000a5ab  FS$$DIV                            
0     0000a0fa  _ADCINT_ISR                        
0     00380080  _ADC_cal                           
1     00000b00  _AdcMirror                         
1     00007100  _AdcRegs                           
1     0000c007  _AdcaResult0                       
1     0000c005  _AdcaResult1                       
1     0000c006  _AdcaResult2                       
1     0000c003  _AdcaResult3                       
1     0000c004  _AdcaResult4                       
1     0000c01a  _AdcaResult5                       
1     0000c01b  _AdcbResult0                       
1     0000c018  _AdcbResult1                       
1     0000c019  _AdcbResult2                       
1     0000c01e  _AdcbResult3                       
1     0000c01f  _AdcbResult4                       
1     0000c01c  _AdcbResult5                       
1     0000c056  _Cf                                
0     00009f0f  _ConfigEpwm                        
1     0000c00d  _Controle_ON                       
1     0000c00c  _Counter_Timer                     
1     0000da10  _CpuTimer0                         
1     00000c00  _CpuTimer0Regs                     
1     0000da00  _CpuTimer1                         
1     00000c08  _CpuTimer1Regs                     
1     0000da08  _CpuTimer2                         
1     00000c10  _CpuTimer2Regs                     
1     0033fff8  _CsmPwl                            
1     00000ae0  _CsmRegs                           
0     0000a3f1  _CsmUnlock                         
0     0000a028  _DATALOG_ISR                       
0     0000a21c  _DINTCH1_ISR                       
0     0000a226  _DINTCH2_ISR                       
0     0000a230  _DINTCH3_ISR                       
0     0000a23a  _DINTCH4_ISR                       
0     0000a244  _DINTCH5_ISR                       
0     0000a24e  _DINTCH6_ISR                       
0     0000813c  _DSP28x_usDelay                    
1     0000c015  _Desliga_sistema                   
1     00000880  _DevEmuRegs                        
0     0000a33d  _DisableDog                        
1     00001000  _DmaRegs                           
0     0000a2a8  _ECAN0INTA_ISR                     
0     0000a2bc  _ECAN0INTB_ISR                     
0     0000a2b2  _ECAN1INTA_ISR                     
0     0000a2c6  _ECAN1INTB_ISR                     
0     0000a190  _ECAP1_INT_ISR                     
0     0000a19a  _ECAP2_INT_ISR                     
0     0000a1a4  _ECAP3_INT_ISR                     
0     0000a1ae  _ECAP4_INT_ISR                     
0     0000a1b8  _ECAP5_INT_ISR                     
0     0000a1c2  _ECAP6_INT_ISR                     
1     00006040  _ECanaLAMRegs                      
1     000060c0  _ECanaMOTORegs                     
1     00006080  _ECanaMOTSRegs                     
1     00006100  _ECanaMboxes                       
1     00006000  _ECanaRegs                         
1     00006240  _ECanbLAMRegs                      
1     000062c0  _ECanbMOTORegs                     
1     00006280  _ECanbMOTSRegs                     
1     00006300  _ECanbMboxes                       
1     00006200  _ECanbRegs                         
1     00006a00  _ECap1Regs                         
1     00006a20  _ECap2Regs                         
1     00006a40  _ECap3Regs                         
1     00006a60  _ECap4Regs                         
1     00006a80  _ECap5Regs                         
1     00006aa0  _ECap6Regs                         
0     0000a03c  _EMUINT_ISR                        
0     0000a154  _EPWM1_INT_ISR                     
0     0000a118  _EPWM1_TZINT_ISR                   
0     0000a15e  _EPWM2_INT_ISR                     
0     0000a122  _EPWM2_TZINT_ISR                   
0     0000a168  _EPWM3_INT_ISR                     
0     0000a12c  _EPWM3_TZINT_ISR                   
0     0000a172  _EPWM4_INT_ISR                     
0     0000a136  _EPWM4_TZINT_ISR                   
0     0000a17c  _EPWM5_INT_ISR                     
0     0000a140  _EPWM5_TZINT_ISR                   
0     0000a186  _EPWM6_INT_ISR                     
0     0000a14a  _EPWM6_TZINT_ISR                   
1     00006800  _EPwm1Regs                         
1     00006840  _EPwm2Regs                         
1     00006880  _EPwm3Regs                         
1     000068c0  _EPwm4Regs                         
1     00006900  _EPwm5Regs                         
1     00006940  _EPwm6Regs                         
0     0000a1cc  _EQEP1_INT_ISR                     
0     0000a1d6  _EQEP2_INT_ISR                     
1     00006b00  _EQep1Regs                         
1     00006b40  _EQep2Regs                         
1     0000c740  _E_dyn_test_v                      
0     0000a89c  _EnableInterrupts                  
1     0000c000  _FlagDeConversao                   
1     0000c021  _FlagSpiTx                         
1     00000a80  _FlashRegs                         
1     00006f80  _GpioCtrlRegs                      
1     00006fc0  _GpioDataRegs                      
1     00006fe0  _GpioIntRegs                       
0     00009fc4  _Gpio_select                       
0     0000a258  _I2CINT1A_ISR                      
0     0000a262  _I2CINT2A_ISR                      
1     00007900  _I2caRegs                          
0     0000a050  _ILLEGAL_ISR                       
0     0000a014  _INT13_ISR                         
0     0000a01e  _INT14_ISR                         
1     0000c048  _I_Vcc_nom                         
1     0000c0b0  _Ilf_abc                           
1     0000c070  _Ilf_dq                            
1     0000c060  _Ilf_err_dq                        
1     0000c078  _Ilf_gain                          
1     0000c08c  _Ilf_offset                        
0     0000a920  _InitAdc                           
0     0000a422  _InitEPwm                          
0     0000a430  _InitEPwm1Gpio                     
0     0000a442  _InitEPwm2Gpio                     
0     0000a454  _InitEPwm3Gpio                     
0     0000a468  _InitEPwm4Gpio                     
0     0000a47c  _InitEPwm5Gpio                     
0     0000a48e  _InitEPwm6Gpio                     
0     0000a423  _InitEPwmGpio                      
0     0000a4a0  _InitEPwmSyncGpio                  
0     0000a001  _InitEPwmSyncGpio_user             
0     0000a396  _InitPeripheralClocks              
0     0000a87d  _InitPieCtrl                       
0     0000a8c9  _InitPieVectTable                  
0     0000a345  _InitPll                           
0     0000a799  _InitSci                           
0     0000a79a  _InitSciGpio                       
0     0000a79d  _InitSciaGpio                      
0     0000a7b3  _InitScibGpio                      
0     0000a7c7  _InitScicGpio                      
0     0000a7dd  _InitSpi                           
0     0000a7de  _InitSpiGpio                       
0     0000a7fe  _InitSpiaGpio                      
0     0000a32a  _InitSysCtrl                       
0     0000a4b3  _InitTzGpio                        
1     0000c0a4  _Io_inv_abc                        
1     0000c0ce  _Io_inv_d_filt                     
1     0000c074  _Io_inv_dq                         
1     0000c080  _Io_inv_gain                       
1     0000c092  _Io_inv_offset                     
1     0000c0d6  _Io_inv_q_filt                     
1     0000c012  _K1                                
1     0000c013  _K2                                
0     0000a30c  _LUF_ISR                           
0     0000a302  _LVF_ISR                           
1     0000c05a  _Lf                                
1     0000c04a  _Lv                                
0     0000a208  _MRINTA_ISR                        
0     0000a1f4  _MRINTB_ISR                        
0     0000a212  _MXINTA_ISR                        
0     0000a1fe  _MXINTB_ISR                        
1     00005000  _McbspaRegs                        
1     00005040  _McbspbRegs                        
0     0000a046  _NMI_ISR                           
1     0000c03a  _N_cal_offset                      
1     0000c00e  _Ncont_samp                        
0     0000a316  _PIE_RESERVED                      
1     0000d3c0  _P_dyn_test_v                      
1     00380090  _PartIdRegs                        
1     00000ce0  _PieCtrlRegs                       
1     00000d00  _PieVectTable                      
1     0000dce4  _PieVectTableInit                  
1     0000c002  _Protecao                          
1     0000cd80  _Q_dyn_test_v                      
0     0000a032  _RTOSINT_ISR                       
1     0000c04c  _Rv                                
0     0000a280  _SCIRXINTA_ISR                     
0     0000a294  _SCIRXINTB_ISR                     
0     0000a26c  _SCIRXINTC_ISR                     
0     0000a28a  _SCITXINTA_ISR                     
0     0000a29e  _SCITXINTB_ISR                     
0     0000a276  _SCITXINTC_ISR                     
0     0000a0d2  _SEQ1INT_ISR                       
0     0000a0dc  _SEQ2INT_ISR                       
0     0000a1e0  _SPIRXINTA_ISR                     
0     0000a1ea  _SPITXINTA_ISR                     
1     00007050  _SciaRegs                          
1     00007750  _ScibRegs                          
1     00007770  _ScicRegs                          
1     0000c001  _Segundos                          
0     0000a333  _ServiceDog                        
1     00007040  _SpiaRegs                          
1     00007010  _SysCtrlRegs                       
0     0000a104  _TINT0_ISR                         
1     0000c034  _Ts_dsp                            
1     0000c028  _Ts_omeg                           
0     0000a0b4  _USER10_ISR                        
0     0000a0be  _USER11_ISR                        
0     0000a0c8  _USER12_ISR                        
0     0000a05a  _USER1_ISR                         
0     0000a064  _USER2_ISR                         
0     0000a06e  _USER3_ISR                         
0     0000a078  _USER4_ISR                         
0     0000a082  _USER5_ISR                         
0     0000a08c  _USER6_ISR                         
0     0000a096  _USER7_ISR                         
0     0000a0a0  _USER8_ISR                         
0     0000a0aa  _USER9_ISR                         
1     0000c02a  _Vcc                               
1     0000c02c  _Vcc2                              
1     0000c044  _Vcc_nom                           
1     0000c036  _Vcc_teste                         
1     0000c058  _Vo_ab_q                           
1     0000c05c  _Vo_err_dq                         
1     0000c086  _Vo_gain                           
1     0000c0aa  _Vo_inv_abc                        
1     0000c064  _Vo_inv_dq                         
1     0000c068  _Vo_inv_ref_dq                     
1     0000c0c0  _Vo_offset                         
0     0000a10e  _WAKEINT_ISR                       
1     0000c011  _WctrlA                            
1     0000c014  _WctrlB                            
1     0000c017  _WctrlC                            
0     0000a0e6  _XINT1_ISR                         
0     0000a0f0  _XINT2_ISR                         
0     0000a2d0  _XINT3_ISR                         
0     0000a2da  _XINT4_ISR                         
0     0000a2e4  _XINT5_ISR                         
0     0000a2ee  _XINT6_ISR                         
0     0000a2f8  _XINT7_ISR                         
1     00007070  _XIntruptRegs                      
1     00000b20  _XintfRegs                         
1     00000800  __STACK_END                        
abs   00000400  __STACK_SIZE                       
1     0000da1a  ___TI_cleanup_ptr                  
1     0000da1c  ___TI_dtors_ptr                    
1     0000da18  ___TI_enable_exit_profile_output   
abs   ffffffff  ___TI_pprof_out_hndl               
abs   ffffffff  ___TI_prof_data_size               
abs   ffffffff  ___TI_prof_data_start              
abs   ffffffff  ___binit__                         
abs   ffffffff  ___c_args__                        
0     00008000  ___cinit__                         
0     0000a948  ___etext__                         
abs   ffffffff  ___pinit__                         
0     00009000  ___text__                          
0     0000a907  __args_main                        
1     0000da1e  __lock                             
0     0000a93c  __nop                              
0     0000a938  __register_lock                    
0     0000a934  __register_unlock                  
1     00000400  __stack                            
0     0000a947  __system_post_cinit                
0     0000a945  __system_pre_init                  
1     0000da20  __unlock                           
0     0000a854  _abort                             
0     000094d4  _abre_chaves                       
1     0000c098  _aci_abc                           
1     0000c06c  _aci_dq                            
0     0000a4e9  _adc_isr                           
1     0000c030  _adj_sync_ang                      
0     0000a743  _c_int00                           
1     0000c027  _ciclos_dyn_test                   
1     0000c00a  _cont_Ntest_din                    
1     0000c024  _cont_omeg                         
1     0000c008  _cont_samp_dyn_test                
1     0000c040  _contador_calibra_offset           
0     0000a8a5  _copy_in                           
0     0000a633  _cos                               
1     0000c050  _cos_teta                          
0     0000a633  _cosf                              
1     0000c09e  _droop_P_Omeg                      
1     0000c0b6  _droop_Q_E                         
0     0000a57f  _epwm1_isr                         
0     0000a856  _exit                              
0     00009569  _f_AlfaBeta_abc_X                  
0     00009513  _f_AlfaBeta_dq_X                   
0     000094e4  _f_abc_AlfaBeta_X                  
0     0000900d  _f_calc_avg_offset                 
0     000094b4  _f_chr_write_sci_tx_idle_line      
0     0000953f  _f_dq_AlfaBeta_X                   
0     00009148  _f_droopPw_sec_Pref                
0     00009163  _f_droopQE_sec_eref                
0     00009485  _f_flo_write_sci_tx_idle_line      
0     00009442  _f_flo_write_sci_tx_idle_line_split
0     00009042  _f_init_droop                      
0     000090ef  _f_init_lpf_fo_filt_vbles          
0     000090d1  _f_init_mav_eight_vbles            
0     00009286  _f_init_mav_five_vbles             
0     000090b3  _f_init_mav_four_vbles             
0     0000909a  _f_init_mav_two_vbles              
0     00009052  _f_init_pi_controllers_be          
0     00009069  _f_init_pi_controllers_tust        
0     00009122  _f_init_satura_vbles               
0     00009133  _f_init_v_teste_dyn                
0     000094bf  _f_load_sci_buffer_f               
0     000092e6  _f_lpf_fo_analog_em                
0     000092a4  _f_mav_eight                       
0     0000923c  _f_mav_five                        
0     000091fa  _f_mav_four                        
0     000091cb  _f_mav_two                         
0     00009180  _f_pi_control_be                   
0     000091a8  _f_pi_control_tust                 
0     00009000  _f_reset_offset_vbles              
0     00009351  _f_satura_aci                      
0     00009330  _f_satura_vble                     
0     0000930f  _f_satura_vble_s                   
0     00009398  _f_scale_aci                       
0     000093c5  _f_write_spi_tx_buffer_dac         
1     0000c016  _flag_cal                          
1     0000c00b  _flag_dyn_test2                    
1     0000c010  _flag_pwm                          
0     0000a6ec  _floor                             
0     0000a6ec  _floorf                            
1     0000c009  _index_dyn_test                    
1     0000c038  _inv_N_cal_offset                  
1     0000c04e  _kff                               
1     0000c025  _last_xint2_ctr                    
1     0000c03c  _lower_lim_offset                  
1     0000c0ee  _lpf_Vcc                           
1     0000c0e6  _lpf_fo_Pav                        
1     0000c0f6  _lpf_fo_Qav                        
0     000095aa  _main                              
0     0000a8e9  _memcpy                            
1     0000c032  _offset_adc                        
1     0000c046  _omeg_nom                          
1     0000c0c6  _omega_filt                        
1     0000c022  _partida                           
1     0000c0de  _pi_sync                           
1     0000c00f  _pos_dyn_test_v                    
1     0000c023  _ramp_enable                       
0     0000a81c  _round                             
0     0000a81c  _roundf                            
0     0000a320  _rsvd_ISR                          
0     0000a594  _sciaRxFifoIsr                     
0     00009eec  _scia_fifo_init                    
1     0000c054  _sen_teta                          
0     0000a694  _sin                               
0     0000a694  _sinf                              
1     0000c020  _sw_spi_signal                     
1     0000c026  _sync_adc_pwm                      
1     0000c01d  _sync_flag                         
1     0000c02e  _teste                             
1     0000c052  _teta_inv                          
1     0000c03e  _upper_lim_offset                  
1     0000c042  _v_sync_offset                     
1     0000c100  _w_dyn_test_v                      
abs   ffffffff  binit                              
0     00008000  cinit                              
0     00000000  code_start                         
0     0000a948  etext                              
abs   ffffffff  pinit                              


GLOBAL SYMBOLS: SORTED BY Symbol Address 

page  address   name                               
----  -------   ----                               
0     00000000  code_start                         
0     00008000  ___cinit__                         
0     00008000  cinit                              
0     0000813c  _DSP28x_usDelay                    
0     00009000  .text                              
0     00009000  ___text__                          
0     00009000  _f_reset_offset_vbles              
0     0000900d  _f_calc_avg_offset                 
0     00009042  _f_init_droop                      
0     00009052  _f_init_pi_controllers_be          
0     00009069  _f_init_pi_controllers_tust        
0     0000909a  _f_init_mav_two_vbles              
0     000090b3  _f_init_mav_four_vbles             
0     000090d1  _f_init_mav_eight_vbles            
0     000090ef  _f_init_lpf_fo_filt_vbles          
0     00009122  _f_init_satura_vbles               
0     00009133  _f_init_v_teste_dyn                
0     00009148  _f_droopPw_sec_Pref                
0     00009163  _f_droopQE_sec_eref                
0     00009180  _f_pi_control_be                   
0     000091a8  _f_pi_control_tust                 
0     000091cb  _f_mav_two                         
0     000091fa  _f_mav_four                        
0     0000923c  _f_mav_five                        
0     00009286  _f_init_mav_five_vbles             
0     000092a4  _f_mav_eight                       
0     000092e6  _f_lpf_fo_analog_em                
0     0000930f  _f_satura_vble_s                   
0     00009330  _f_satura_vble                     
0     00009351  _f_satura_aci                      
0     00009398  _f_scale_aci                       
0     000093c5  _f_write_spi_tx_buffer_dac         
0     00009442  _f_flo_write_sci_tx_idle_line_split
0     00009485  _f_flo_write_sci_tx_idle_line      
0     000094b4  _f_chr_write_sci_tx_idle_line      
0     000094bf  _f_load_sci_buffer_f               
0     000094d4  _abre_chaves                       
0     000094e4  _f_abc_AlfaBeta_X                  
0     00009513  _f_AlfaBeta_dq_X                   
0     0000953f  _f_dq_AlfaBeta_X                   
0     00009569  _f_AlfaBeta_abc_X                  
0     000095aa  _main                              
0     00009eec  _scia_fifo_init                    
0     00009f0f  _ConfigEpwm                        
0     00009fc4  _Gpio_select                       
0     0000a001  _InitEPwmSyncGpio_user             
0     0000a014  _INT13_ISR                         
0     0000a01e  _INT14_ISR                         
0     0000a028  _DATALOG_ISR                       
0     0000a032  _RTOSINT_ISR                       
0     0000a03c  _EMUINT_ISR                        
0     0000a046  _NMI_ISR                           
0     0000a050  _ILLEGAL_ISR                       
0     0000a05a  _USER1_ISR                         
0     0000a064  _USER2_ISR                         
0     0000a06e  _USER3_ISR                         
0     0000a078  _USER4_ISR                         
0     0000a082  _USER5_ISR                         
0     0000a08c  _USER6_ISR                         
0     0000a096  _USER7_ISR                         
0     0000a0a0  _USER8_ISR                         
0     0000a0aa  _USER9_ISR                         
0     0000a0b4  _USER10_ISR                        
0     0000a0be  _USER11_ISR                        
0     0000a0c8  _USER12_ISR                        
0     0000a0d2  _SEQ1INT_ISR                       
0     0000a0dc  _SEQ2INT_ISR                       
0     0000a0e6  _XINT1_ISR                         
0     0000a0f0  _XINT2_ISR                         
0     0000a0fa  _ADCINT_ISR                        
0     0000a104  _TINT0_ISR                         
0     0000a10e  _WAKEINT_ISR                       
0     0000a118  _EPWM1_TZINT_ISR                   
0     0000a122  _EPWM2_TZINT_ISR                   
0     0000a12c  _EPWM3_TZINT_ISR                   
0     0000a136  _EPWM4_TZINT_ISR                   
0     0000a140  _EPWM5_TZINT_ISR                   
0     0000a14a  _EPWM6_TZINT_ISR                   
0     0000a154  _EPWM1_INT_ISR                     
0     0000a15e  _EPWM2_INT_ISR                     
0     0000a168  _EPWM3_INT_ISR                     
0     0000a172  _EPWM4_INT_ISR                     
0     0000a17c  _EPWM5_INT_ISR                     
0     0000a186  _EPWM6_INT_ISR                     
0     0000a190  _ECAP1_INT_ISR                     
0     0000a19a  _ECAP2_INT_ISR                     
0     0000a1a4  _ECAP3_INT_ISR                     
0     0000a1ae  _ECAP4_INT_ISR                     
0     0000a1b8  _ECAP5_INT_ISR                     
0     0000a1c2  _ECAP6_INT_ISR                     
0     0000a1cc  _EQEP1_INT_ISR                     
0     0000a1d6  _EQEP2_INT_ISR                     
0     0000a1e0  _SPIRXINTA_ISR                     
0     0000a1ea  _SPITXINTA_ISR                     
0     0000a1f4  _MRINTB_ISR                        
0     0000a1fe  _MXINTB_ISR                        
0     0000a208  _MRINTA_ISR                        
0     0000a212  _MXINTA_ISR                        
0     0000a21c  _DINTCH1_ISR                       
0     0000a226  _DINTCH2_ISR                       
0     0000a230  _DINTCH3_ISR                       
0     0000a23a  _DINTCH4_ISR                       
0     0000a244  _DINTCH5_ISR                       
0     0000a24e  _DINTCH6_ISR                       
0     0000a258  _I2CINT1A_ISR                      
0     0000a262  _I2CINT2A_ISR                      
0     0000a26c  _SCIRXINTC_ISR                     
0     0000a276  _SCITXINTC_ISR                     
0     0000a280  _SCIRXINTA_ISR                     
0     0000a28a  _SCITXINTA_ISR                     
0     0000a294  _SCIRXINTB_ISR                     
0     0000a29e  _SCITXINTB_ISR                     
0     0000a2a8  _ECAN0INTA_ISR                     
0     0000a2b2  _ECAN1INTA_ISR                     
0     0000a2bc  _ECAN0INTB_ISR                     
0     0000a2c6  _ECAN1INTB_ISR                     
0     0000a2d0  _XINT3_ISR                         
0     0000a2da  _XINT4_ISR                         
0     0000a2e4  _XINT5_ISR                         
0     0000a2ee  _XINT6_ISR                         
0     0000a2f8  _XINT7_ISR                         
0     0000a302  _LVF_ISR                           
0     0000a30c  _LUF_ISR                           
0     0000a316  _PIE_RESERVED                      
0     0000a320  _rsvd_ISR                          
0     0000a32a  _InitSysCtrl                       
0     0000a333  _ServiceDog                        
0     0000a33d  _DisableDog                        
0     0000a345  _InitPll                           
0     0000a396  _InitPeripheralClocks              
0     0000a3f1  _CsmUnlock                         
0     0000a422  _InitEPwm                          
0     0000a423  _InitEPwmGpio                      
0     0000a430  _InitEPwm1Gpio                     
0     0000a442  _InitEPwm2Gpio                     
0     0000a454  _InitEPwm3Gpio                     
0     0000a468  _InitEPwm4Gpio                     
0     0000a47c  _InitEPwm5Gpio                     
0     0000a48e  _InitEPwm6Gpio                     
0     0000a4a0  _InitEPwmSyncGpio                  
0     0000a4b3  _InitTzGpio                        
0     0000a4e9  _adc_isr                           
0     0000a57f  _epwm1_isr                         
0     0000a594  _sciaRxFifoIsr                     
0     0000a5ab  FS$$DIV                            
0     0000a633  _cos                               
0     0000a633  _cosf                              
0     0000a694  _sin                               
0     0000a694  _sinf                              
0     0000a6ec  _floor                             
0     0000a6ec  _floorf                            
0     0000a743  _c_int00                           
0     0000a799  _InitSci                           
0     0000a79a  _InitSciGpio                       
0     0000a79d  _InitSciaGpio                      
0     0000a7b3  _InitScibGpio                      
0     0000a7c7  _InitScicGpio                      
0     0000a7dd  _InitSpi                           
0     0000a7de  _InitSpiGpio                       
0     0000a7fe  _InitSpiaGpio                      
0     0000a81c  _round                             
0     0000a81c  _roundf                            
0     0000a854  C$$EXIT                            
0     0000a854  _abort                             
0     0000a856  _exit                              
0     0000a87d  _InitPieCtrl                       
0     0000a89c  _EnableInterrupts                  
0     0000a8a5  _copy_in                           
0     0000a8c9  _InitPieVectTable                  
0     0000a8e9  _memcpy                            
0     0000a907  __args_main                        
0     0000a920  _InitAdc                           
0     0000a934  __register_unlock                  
0     0000a938  __register_lock                    
0     0000a93c  __nop                              
0     0000a945  __system_pre_init                  
0     0000a947  __system_post_cinit                
0     0000a948  ___etext__                         
0     0000a948  etext                              
0     00380080  _ADC_cal                           
1     00000400  __stack                            
1     00000800  __STACK_END                        
1     00000880  _DevEmuRegs                        
1     00000a80  _FlashRegs                         
1     00000ae0  _CsmRegs                           
1     00000b00  _AdcMirror                         
1     00000b20  _XintfRegs                         
1     00000c00  _CpuTimer0Regs                     
1     00000c08  _CpuTimer1Regs                     
1     00000c10  _CpuTimer2Regs                     
1     00000ce0  _PieCtrlRegs                       
1     00000d00  _PieVectTable                      
1     00001000  _DmaRegs                           
1     00005000  _McbspaRegs                        
1     00005040  _McbspbRegs                        
1     00006000  _ECanaRegs                         
1     00006040  _ECanaLAMRegs                      
1     00006080  _ECanaMOTSRegs                     
1     000060c0  _ECanaMOTORegs                     
1     00006100  _ECanaMboxes                       
1     00006200  _ECanbRegs                         
1     00006240  _ECanbLAMRegs                      
1     00006280  _ECanbMOTSRegs                     
1     000062c0  _ECanbMOTORegs                     
1     00006300  _ECanbMboxes                       
1     00006800  _EPwm1Regs                         
1     00006840  _EPwm2Regs                         
1     00006880  _EPwm3Regs                         
1     000068c0  _EPwm4Regs                         
1     00006900  _EPwm5Regs                         
1     00006940  _EPwm6Regs                         
1     00006a00  _ECap1Regs                         
1     00006a20  _ECap2Regs                         
1     00006a40  _ECap3Regs                         
1     00006a60  _ECap4Regs                         
1     00006a80  _ECap5Regs                         
1     00006aa0  _ECap6Regs                         
1     00006b00  _EQep1Regs                         
1     00006b40  _EQep2Regs                         
1     00006f80  _GpioCtrlRegs                      
1     00006fc0  _GpioDataRegs                      
1     00006fe0  _GpioIntRegs                       
1     00007010  _SysCtrlRegs                       
1     00007040  _SpiaRegs                          
1     00007050  _SciaRegs                          
1     00007070  _XIntruptRegs                      
1     00007100  _AdcRegs                           
1     00007750  _ScibRegs                          
1     00007770  _ScicRegs                          
1     00007900  _I2caRegs                          
1     0000c000  _FlagDeConversao                   
1     0000c001  _Segundos                          
1     0000c002  _Protecao                          
1     0000c003  _AdcaResult3                       
1     0000c004  _AdcaResult4                       
1     0000c005  _AdcaResult1                       
1     0000c006  _AdcaResult2                       
1     0000c007  _AdcaResult0                       
1     0000c008  _cont_samp_dyn_test                
1     0000c009  _index_dyn_test                    
1     0000c00a  _cont_Ntest_din                    
1     0000c00b  _flag_dyn_test2                    
1     0000c00c  _Counter_Timer                     
1     0000c00d  _Controle_ON                       
1     0000c00e  _Ncont_samp                        
1     0000c00f  _pos_dyn_test_v                    
1     0000c010  _flag_pwm                          
1     0000c011  _WctrlA                            
1     0000c012  _K1                                
1     0000c013  _K2                                
1     0000c014  _WctrlB                            
1     0000c015  _Desliga_sistema                   
1     0000c016  _flag_cal                          
1     0000c017  _WctrlC                            
1     0000c018  _AdcbResult1                       
1     0000c019  _AdcbResult2                       
1     0000c01a  _AdcaResult5                       
1     0000c01b  _AdcbResult0                       
1     0000c01c  _AdcbResult5                       
1     0000c01d  _sync_flag                         
1     0000c01e  _AdcbResult3                       
1     0000c01f  _AdcbResult4                       
1     0000c020  _sw_spi_signal                     
1     0000c021  _FlagSpiTx                         
1     0000c022  _partida                           
1     0000c023  _ramp_enable                       
1     0000c024  _cont_omeg                         
1     0000c025  _last_xint2_ctr                    
1     0000c026  _sync_adc_pwm                      
1     0000c027  _ciclos_dyn_test                   
1     0000c028  _Ts_omeg                           
1     0000c02a  _Vcc                               
1     0000c02c  _Vcc2                              
1     0000c02e  _teste                             
1     0000c030  _adj_sync_ang                      
1     0000c032  _offset_adc                        
1     0000c034  _Ts_dsp                            
1     0000c036  _Vcc_teste                         
1     0000c038  _inv_N_cal_offset                  
1     0000c03a  _N_cal_offset                      
1     0000c03c  _lower_lim_offset                  
1     0000c03e  _upper_lim_offset                  
1     0000c040  _contador_calibra_offset           
1     0000c042  _v_sync_offset                     
1     0000c044  _Vcc_nom                           
1     0000c046  _omeg_nom                          
1     0000c048  _I_Vcc_nom                         
1     0000c04a  _Lv                                
1     0000c04c  _Rv                                
1     0000c04e  _kff                               
1     0000c050  _cos_teta                          
1     0000c052  _teta_inv                          
1     0000c054  _sen_teta                          
1     0000c056  _Cf                                
1     0000c058  _Vo_ab_q                           
1     0000c05a  _Lf                                
1     0000c05c  _Vo_err_dq                         
1     0000c060  _Ilf_err_dq                        
1     0000c064  _Vo_inv_dq                         
1     0000c068  _Vo_inv_ref_dq                     
1     0000c06c  _aci_dq                            
1     0000c070  _Ilf_dq                            
1     0000c074  _Io_inv_dq                         
1     0000c078  _Ilf_gain                          
1     0000c080  _Io_inv_gain                       
1     0000c086  _Vo_gain                           
1     0000c08c  _Ilf_offset                        
1     0000c092  _Io_inv_offset                     
1     0000c098  _aci_abc                           
1     0000c09e  _droop_P_Omeg                      
1     0000c0a4  _Io_inv_abc                        
1     0000c0aa  _Vo_inv_abc                        
1     0000c0b0  _Ilf_abc                           
1     0000c0b6  _droop_Q_E                         
1     0000c0c0  _Vo_offset                         
1     0000c0c6  _omega_filt                        
1     0000c0ce  _Io_inv_d_filt                     
1     0000c0d6  _Io_inv_q_filt                     
1     0000c0de  _pi_sync                           
1     0000c0e6  _lpf_fo_Pav                        
1     0000c0ee  _lpf_Vcc                           
1     0000c0f6  _lpf_fo_Qav                        
1     0000c100  _w_dyn_test_v                      
1     0000c740  _E_dyn_test_v                      
1     0000cd80  _Q_dyn_test_v                      
1     0000d3c0  _P_dyn_test_v                      
1     0000da00  _CpuTimer1                         
1     0000da08  _CpuTimer2                         
1     0000da10  _CpuTimer0                         
1     0000da18  ___TI_enable_exit_profile_output   
1     0000da1a  ___TI_cleanup_ptr                  
1     0000da1c  ___TI_dtors_ptr                    
1     0000da1e  __lock                             
1     0000da20  __unlock                           
1     0000dce4  _PieVectTableInit                  
1     0033fff8  _CsmPwl                            
1     00380090  _PartIdRegs                        
abs   00000400  __STACK_SIZE                       
abs   ffffffff  ___TI_pprof_out_hndl               
abs   ffffffff  ___TI_prof_data_size               
abs   ffffffff  ___TI_prof_data_start              
abs   ffffffff  ___binit__                         
abs   ffffffff  ___c_args__                        
abs   ffffffff  ___pinit__                         
abs   ffffffff  binit                              
abs   ffffffff  pinit                              

[346 symbols]
